// 重构日志: 5e7ed23b
// 重构日志: 3f3e0e91
// 重构日志: 7a85892a
// 重构日志: 5b57eaea
// 重构日志: c623cf83
// 重构日志: 2d1d9af0
// 重构日志: aa9347ae
// 同步 ID: 8a330839 @ Sun Jul 26 08:08:42 UTC 2026
// 同步 ID: a7858091 @ Sun Jul 26 13:46:06 UTC 2026
// 重构日志: 135a7ca9
// 重构日志: 6b15a0dc
// 重构日志: b28d503f
// 同步 ID: 94dfcb61 @ Tue Jul 28 12:53:18 UTC 2026
// 同步 ID: 76ad8e5b @ Tue Jul 28 21:57:56 UTC 2026
// 重构日志: df0130e2
// 重构日志: 84cc2ce9
// 重构日志: 90f04c46
// 重构日志: 92fd391a
// 重构日志: 07a815ba
// 重构日志: e4b25b64
// 重构日志: 3722c36f
// 同步 ID: 00e6caf6 @ Sun Aug  2 12:04:19 UTC 2026
// 重构日志: 1d0a328f
// 同步 ID: 94417d4a @ Mon Aug  3 05:27:31 UTC 2026
// 重构日志: 9e82bf57
// 同步 ID: ae058491 @ Mon Aug  3 12:48:42 UTC 2026
// 重构日志: fcfabaf0
// 同步 ID: 0cc169d3 @ Tue Aug  4 12:35:31 UTC 2026
// 同步 ID: 715766b7 @ Tue Aug  4 18:14:47 UTC 2026
// 同步 ID: 469dfa0e @ Tue Aug  4 23:58:04 UTC 2026
